../Drivers/OLED/ssd1306.c:8:6:ssd1306_Reset	4	static
../Drivers/OLED/ssd1306.c:13:6:ssd1306_WriteCommand	32	static
../Drivers/OLED/ssd1306.c:18:6:ssd1306_WriteData	32	static
../Drivers/OLED/ssd1306.c:63:17:ssd1306_FillBuffer	24	static
../Drivers/OLED/ssd1306.c:73:6:ssd1306_Init	8	static
../Drivers/OLED/ssd1306.c:175:6:ssd1306_Fill	16	static
../Drivers/OLED/ssd1306.c:180:6:ssd1306_UpdateScreen	16	static
../Drivers/OLED/ssd1306.c:196:6:ssd1306_UpdatePage	16	static
../Drivers/OLED/ssd1306.c:234:6:ssd1306_DrawPixel	16	static
../Drivers/OLED/ssd1306.c:254:6:ssd1306_WriteChar	48	static
../Drivers/OLED/ssd1306.c:291:6:ssd1306_WriteString	32	static
../Drivers/OLED/ssd1306.c:305:6:ssd1306_SetCursor	16	static
../Drivers/OLED/ssd1306.c:311:6:ssd1306_Line	48	static
../Drivers/OLED/ssd1306.c:338:6:ssd1306_Polyline	40	static
../Drivers/OLED/ssd1306.c:352:14:ssd1306_DegToRad	16	static
../Drivers/OLED/ssd1306.c:357:17:ssd1306_NormalizeTo0_360	24	static
../Drivers/OLED/ssd1306.c:373:6:ssd1306_DrawArc	56	static
../Drivers/OLED/ssd1306.c:413:6:ssd1306_DrawArcWithRadiusLine	64	static
../Drivers/OLED/ssd1306.c:456:6:ssd1306_DrawCircle	40	static
../Drivers/OLED/ssd1306.c:491:6:ssd1306_FillCircle	48	static
../Drivers/OLED/ssd1306.c:527:6:ssd1306_DrawRectangle	32	static
../Drivers/OLED/ssd1306.c:537:6:ssd1306_FillRectangle	32	static
../Drivers/OLED/ssd1306.c:551:17:ssd1306_InvertRectangle	32	static
../Drivers/OLED/ssd1306.c:582:6:ssd1306_DrawBitmap	24	static
../Drivers/OLED/ssd1306.c:606:6:ssd1306_SetContrast	24	static
../Drivers/OLED/ssd1306.c:612:6:ssd1306_SetDisplayOn	24	static
../Drivers/OLED/ssd1306.c:624:9:ssd1306_GetDisplayOn	4	static
